/Users/gurudev/Desktop/VS Code/Dunno/Notion Challenge/backend/venv/lib/python3.14/site-packages/langchain_core/_api/deprecation.py:25: UserWarning: Core Pydantic V1 functionality isn't compatible with Python 3.14 or greater.
  from pydantic.v1.fields import FieldInfo as FieldInfoV1
{'timestamp': '2026-05-16T13:30:45.596174Z', 'phase': 'phase-3', 'component': 'WorkspaceContextBuilder', 'level': 'WARNING', 'event': 'mcp_context_fetch_error', 'detail': 'slice(None, 5, None)'}
an error occurred during closing of asynchronous generator <async_generator object stdio_client at 0x10cbe92f0>
asyncgen: <async_generator object stdio_client at 0x10cbe92f0>
  + Exception Group Traceback (most recent call last):
  |   File "/Users/gurudev/Desktop/VS Code/Dunno/Notion Challenge/backend/venv/lib/python3.14/site-packages/anyio/_backends/_asyncio.py", line 783, in __aexit__
  |     raise BaseExceptionGroup(
  |         "unhandled errors in a TaskGroup", self._exceptions
  |     ) from None
  | BaseExceptionGroup: unhandled errors in a TaskGroup (1 sub-exception)
  +-+---------------- 1 ----------------
    | Traceback (most recent call last):
    |   File "/Users/gurudev/Desktop/VS Code/Dunno/Notion Challenge/backend/venv/lib/python3.14/site-packages/mcp/client/stdio/__init__.py", line 189, in stdio_client
    |     yield read_stream, write_stream
    | GeneratorExit
    +------------------------------------

During handling of the above exception, another exception occurred:

Traceback (most recent call last):
  File "/Users/gurudev/Desktop/VS Code/Dunno/Notion Challenge/backend/venv/lib/python3.14/site-packages/mcp/client/stdio/__init__.py", line 183, in stdio_client
    anyio.create_task_group() as tg,
    ~~~~~~~~~~~~~~~~~~~~~~~^^
  File "/Users/gurudev/Desktop/VS Code/Dunno/Notion Challenge/backend/venv/lib/python3.14/site-packages/anyio/_backends/_asyncio.py", line 789, in __aexit__
    if self.cancel_scope.__exit__(type(exc), exc, exc.__traceback__):
       ~~~~~~~~~~~~~~~~~~~~~~~~~~^^^^^^^^^^^^^^^^^^^^^^^^^^^^^^^^^^^
  File "/Users/gurudev/Desktop/VS Code/Dunno/Notion Challenge/backend/venv/lib/python3.14/site-packages/anyio/_backends/_asyncio.py", line 461, in __exit__
    raise RuntimeError(
    ...<2 lines>...
    )
RuntimeError: Attempted to exit cancel scope in a different task than it was entered in
[MCP] Establishing connection to Notion MCP server...
[MCP] Successfully connected to Notion MCP Server.
[Planner] Analyzing task: Launch a new AI Marketing Startup app.
    Search the web for competitor analysis of AI marketing
    tools 2024. Create a GitHub repository named
    marketing-ai-pro with description Enterprise-grade AI
    marketing automation. Open an issue titled Setup database
    schema with body We need PostgreSQL for storage. Open a
    pull request titled Add core logic with body Initial
    implementation of AI engine. Review pull request number 1
    to confirm quality. Update the status to COMPLETED.
[Planner] Trying Groq Native (Primary)
Goal: Launch a new AI Marketing Startup app
Tools planned: ['web_search', 'create_repo', 'create_issue', 'github_open_pr', 'github_pr_review_summary', 'update_notion_status']
Total actions: 6
ALL TOOLS FOUND: OK
